[    0.000000] Linux version 4.15.0-192-generic (buildd@lcy02-amd64-029) (gcc version 7.5.0 (Ubuntu 7.5.0-3ubuntu1~18.04)) #203-Ubuntu SMP Wed Aug 10 17:40:03 UTC 2022 (Ubuntu 4.15.0-192.203-generic 4.15.18)
[    0.000000] Command line: BOOT_IMAGE=/boot/vmlinuz-4.15.0-192-generic root=LABEL=cloudimg-rootfs ro console=tty1 console=ttyS0
[    0.000000] KERNEL supported cpus:
[    0.000000]   Intel GenuineIntel
[    0.000000]   AMD AuthenticAMD
[    0.000000]   Centaur CentaurHauls
[    0.000000] [Firmware Bug]: TSC doesn't count with P0 frequency!
[    0.000000] x86/fpu: x87 FPU will use FXSAVE
[    0.000000] e820: BIOS-provided physical RAM map:
[    0.000000] BIOS-e820: [mem 0x0000000000000000-0x000000000009fbff] usable
[    0.000000] BIOS-e820: [mem 0x000000000009fc00-0x000000000009ffff] reserved
[    0.000000] BIOS-e820: [mem 0x00000000000f0000-0x00000000000fffff] reserved
[    0.000000] BIOS-e820: [mem 0x0000000000100000-0x000000007ffeffff] usable
[    0.000000] BIOS-e820: [mem 0x000000007fff0000-0x000000007fffffff] ACPI data
[    0.000000] BIOS-e820: [mem 0x00000000fec00000-0x00000000fec00fff] reserved
[    0.000000] BIOS-e820: [mem 0x00000000fee00000-0x00000000fee00fff] reserved
[    0.000000] BIOS-e820: [mem 0x00000000fffc0000-0x00000000ffffffff] reserved
[    0.000000] NX (Execute Disable) protection: active
[    0.000000] SMBIOS 2.5 present.
[    0.000000] DMI: innotek GmbH VirtualBox/VirtualBox, BIOS VirtualBox 12/01/2006
[    0.000000] Hypervisor detected: KVM
[    0.000000] e820: last_pfn = 0x7fff0 max_arch_pfn = 0x400000000
[    0.000000] MTRR: Disabled
[    0.000000] x86/PAT: MTRRs disabled, skipping PAT initialization too.
[    0.000000] CPU MTRRs all blank - virtualized system.
[    0.000000] x86/PAT: Configuration [0-7]: WB  WT  UC- UC  WB  WT  UC- UC  
[    0.000000] found SMP MP-table at [mem 0x0009fff0-0x0009ffff]
[    0.000000] Scanning 1 areas for low memory corruption
[    0.000000] RAMDISK: [mem 0x359cb000-0x36cdcfff]
[    0.000000] ACPI: Early table checksum verification disabled
[    0.000000] ACPI: RSDP 0x00000000000E0000 000024 (v02 VBOX  )
[    0.000000] ACPI: XSDT 0x000000007FFF0030 00003C (v01 VBOX   VBOXXSDT 00000001 ASL  00000061)
[    0.000000] ACPI: FACP 0x000000007FFF00F0 0000F4 (v04 VBOX   VBOXFACP 00000001 ASL  00000061)
[    0.000000] ACPI: DSDT 0x000000007FFF0470 002325 (v02 VBOX   VBOXBIOS 00000002 INTL 20100528)
[    0.000000] ACPI: FACS 0x000000007FFF0200 000040
[    0.000000] ACPI: FACS 0x000000007FFF0200 000040
[    0.000000] ACPI: APIC 0x000000007FFF0240 00005C (v02 VBOX   VBOXAPIC 00000001 ASL  00000061)
[    0.000000] ACPI: SSDT 0x000000007FFF02A0 0001CC (v01 VBOX   VBOXCPUT 00000002 INTL 20100528)
[    0.000000] ACPI: Reserving FACP table memory at [mem 0x7fff00f0-0x7fff01e3]
[    0.000000] ACPI: Reserving DSDT table memory at [mem 0x7fff0470-0x7fff2794]
[    0.000000] ACPI: Reserving FACS table memory at [mem 0x7fff0200-0x7fff023f]
[    0.000000] ACPI: Reserving FACS table memory at [mem 0x7fff0200-0x7fff023f]
[    0.000000] ACPI: Reserving APIC table memory at [mem 0x7fff0240-0x7fff029b]
[    0.000000] ACPI: Reserving SSDT table memory at [mem 0x7fff02a0-0x7fff046b]
[    0.000000] No NUMA configuration found
[    0.000000] Faking a node at [mem 0x0000000000000000-0x000000007ffeffff]
[    0.000000] NODE_DATA(0) allocated [mem 0x7ffc5000-0x7ffeffff]
[    0.000000] kvm-clock: cpu 0, msr 0:7ff44001, primary cpu clock
[    0.000000] kvm-clock: Using msrs 4b564d01 and 4b564d00
[    0.000000] kvm-clock: using sched offset of 3727710000 cycles
[    0.000000] clocksource: kvm-clock: mask: 0xffffffffffffffff max_cycles: 0x1cd42e4dffb, max_idle_ns: 881590591483 ns
[    0.000000] Zone ranges:
[    0.000000]   DMA      [mem 0x0000000000001000-0x0000000000ffffff]
[    0.000000]   DMA32    [mem 0x0000000001000000-0x000000007ffeffff]
[    0.000000]   Normal   empty
[    0.000000]   Device   empty
[    0.000000] Movable zone start for each node
[    0.000000] Early memory node ranges
[    0.000000]   node   0: [mem 0x0000000000001000-0x000000000009efff]
[    0.000000]   node   0: [mem 0x0000000000100000-0x000000007ffeffff]
[    0.000000] Reserved but unavailable: 104 pages
[    0.000000] Initmem setup node 0 [mem 0x0000000000001000-0x000000007ffeffff]
[    0.000000] ACPI: PM-Timer IO Port: 0x4008
[    0.000000] IOAPIC[0]: apic_id 2, version 32, address 0xfec00000, GSI 0-23
[    0.000000] ACPI: INT_SRC_OVR (bus 0 bus_irq 0 global_irq 2 dfl dfl)
[    0.000000] ACPI: INT_SRC_OVR (bus 0 bus_irq 9 global_irq 9 low level)
[    0.000000] Using ACPI (MADT) for SMP configuration information
[    0.000000] smpboot: Allowing 2 CPUs, 0 hotplug CPUs
[    0.000000] PM: Registered nosave memory: [mem 0x00000000-0x00000fff]
[    0.000000] PM: Registered nosave memory: [mem 0x0009f000-0x0009ffff]
[    0.000000] PM: Registered nosave memory: [mem 0x000a0000-0x000effff]
[    0.000000] PM: Registered nosave memory: [mem 0x000f0000-0x000fffff]
[    0.000000] e820: [mem 0x80000000-0xfebfffff] available for PCI devices
[    0.000000] Booting paravirtualized kernel on KVM
[    0.000000] clocksource: refined-jiffies: mask: 0xffffffff max_cycles: 0xffffffff, max_idle_ns: 7645519600211568 ns
[    0.000000] random: get_random_bytes called from start_kernel+0x99/0x500 with crng_init=0
[    0.000000] setup_percpu: NR_CPUS:8192 nr_cpumask_bits:2 nr_cpu_ids:2 nr_node_ids:1
[    0.000000] percpu: Embedded 50 pages/cpu s167936 r8192 d28672 u1048576
[    0.000000] PV qspinlock hash table entries: 256 (order: 0, 4096 bytes)
[    0.000000] Built 1 zonelists, mobility grouping on.  Total pages: 515961
[    0.000000] Policy zone: DMA32
[    0.000000] Kernel command line: BOOT_IMAGE=/boot/vmlinuz-4.15.0-192-generic root=LABEL=cloudimg-rootfs ro console=tty1 console=ttyS0
[    0.000000] Memory: 2014840K/2096696K available (12300K kernel code, 2484K rwdata, 4324K rodata, 2468K init, 2724K bss, 81856K reserved, 0K cma-reserved)
[    0.000000] SLUB: HWalign=64, Order=0-3, MinObjects=0, CPUs=2, Nodes=1
[    0.000000] ftrace: allocating 39482 entries in 155 pages
[    0.004000] Hierarchical RCU implementation.
[    0.004000] 	RCU restricting CPUs from NR_CPUS=8192 to nr_cpu_ids=2.
[    0.004000] 	Tasks RCU enabled.
[    0.004000] RCU: Adjusting geometry for rcu_fanout_leaf=16, nr_cpu_ids=2
[    0.004000] NR_IRQS: 524544, nr_irqs: 440, preallocated irqs: 16
[    0.004000] Console: colour VGA+ 80x25
[    0.004000] console [tty1] enabled
[    0.004000] console [ttyS0] enabled
[    0.004000] ACPI: Core revision 20170831
[    0.004000] ACPI: 2 ACPI AML tables successfully acquired and loaded
[    0.004000] APIC: Switch to symmetric I/O mode setup
[    0.004000] ..TIMER: vector=0x30 apic1=0 pin1=2 apic2=-1 pin2=-1
[    0.004004] tsc: Detected 3593.264 MHz processor
[    0.008007] Calibrating delay loop (skipped) preset value.. 7186.52 BogoMIPS (lpj=14373056)
[    0.012005] pid_max: default: 32768 minimum: 301
[    0.016066] Security Framework initialized
[    0.020003] Yama: becoming mindful.
[    0.024076] AppArmor: AppArmor initialized
[    0.033391] Dentry cache hash table entries: 262144 (order: 9, 2097152 bytes)
[    0.042092] Inode-cache hash table entries: 131072 (order: 8, 1048576 bytes)
[    0.044132] Mount-cache hash table entries: 4096 (order: 3, 32768 bytes)
[    0.048113] Mountpoint-cache hash table entries: 4096 (order: 3, 32768 bytes)
[    0.053073] Last level iTLB entries: 4KB 1024, 2MB 1024, 4MB 512
[    0.056005] Last level dTLB entries: 4KB 2048, 2MB 2048, 4MB 1024, 1GB 0
[    0.064003] Spectre V1 : Mitigation: usercopy/swapgs barriers and __user pointer sanitization
[    0.068005] Spectre V2 : Mitigation: Retpolines
[    0.072002] Spectre V2 : Spectre v2 / SpectreRSB mitigation: Filling RSB on context switch
[    0.076149] Freeing SMP alternatives memory: 36K
[    0.192338] smpboot: CPU0: AMD Ryzen 7 3700X 8-Core Processor (family: 0x17, model: 0x71, stepping: 0x0)
[    0.196368] Performance Events: PMU not available due to virtualization, using software events only.
[    0.200092] Hierarchical SRCU implementation.
[    0.204672] NMI watchdog: Perf event create on CPU 0 failed with -2
[    0.208004] NMI watchdog: Perf NMI watchdog permanently disabled
[    0.212368] smp: Bringing up secondary CPUs ...
[    0.216836] x86: Booting SMP configuration:
[    0.220005] .... node  #0, CPUs:      #1
[    0.004000] kvm-clock: cpu 1, msr 0:7ff44041, secondary cpu clock
[    0.230869] TSC synchronization [CPU#0 -> CPU#1]:
[    0.232000] Measured 51049 cycles TSC warp between CPUs, turning off TSC clock.
[    0.232000] tsc: Marking TSC unstable due to check_tsc_sync_source failed
[    0.236082] smp: Brought up 1 node, 2 CPUs
[    0.240005] smpboot: Max logical packages: 1
[    0.244056] smpboot: Total of 2 processors activated (14373.05 BogoMIPS)
[    0.248521] devtmpfs: initialized
[    0.252375] x86/mm: Memory block size: 128MB
[    0.256577] evm: security.selinux
[    0.260002] evm: security.SMACK64
[    0.264003] evm: security.SMACK64EXEC
[    0.268002] evm: security.SMACK64TRANSMUTE
[    0.272002] evm: security.SMACK64MMAP
[    0.276002] evm: security.apparmor
[    0.278670] evm: security.ima
[    0.280002] evm: security.capability
[    0.284254] clocksource: jiffies: mask: 0xffffffff max_cycles: 0xffffffff, max_idle_ns: 7645041785100000 ns
[    0.296015] futex hash table entries: 512 (order: 3, 32768 bytes)
[    0.300339] pinctrl core: initialized pinctrl subsystem
[    0.304333] RTC time: 19:12:17, date: 11/01/22
[    0.308936] NET: Registered protocol family 16
[    0.312126] audit: initializing netlink subsys (disabled)
[    0.316234] audit: type=2000 audit(1667329942.111:1): state=initialized audit_enabled=0 res=1
[    0.324130] cpuidle: using governor ladder
[    0.326881] cpuidle: using governor menu
[    0.332704] ACPI: bus type PCI registered
[    0.336005] acpiphp: ACPI Hot Plug PCI Controller Driver version: 0.5
[    0.340448] PCI: Using configuration type 1 for base access
[    0.344002] PCI: Using configuration type 1 for extended access
[    0.352243] HugeTLB registered 2.00 MiB page size, pre-allocated 0 pages
[    0.356317] ACPI: Added _OSI(Module Device)
[    0.360085] ACPI: Added _OSI(Processor Device)
[    0.364003] ACPI: Added _OSI(3.0 _SCP Extensions)
[    0.367120] ACPI: Added _OSI(Processor Aggregator Device)
[    0.368003] ACPI: Added _OSI(Linux-Dell-Video)
[    0.372004] ACPI: Added _OSI(Linux-Lenovo-NV-HDMI-Audio)
[    0.375584] ACPI: Added _OSI(Linux-HPI-Hybrid-Graphics)
[    0.376748] ACPI: Executed 1 blocks of module-level executable AML code
[    0.386110] ACPI: Interpreter enabled
[    0.388000] ACPI: (supports S0 S5)
[    0.388003] ACPI: Using IOAPIC for interrupt routing
[    0.392360] PCI: Using host bridge windows from ACPI; if necessary, use "pci=nocrs" and report a bug
[    0.396215] ACPI: Enabled 2 GPEs in block 00 to 07
[    0.408591] ACPI: PCI Root Bridge [PCI0] (domain 0000 [bus 00-ff])
[    0.412000] acpi PNP0A03:00: _OSC: OS supports [ExtendedConfig ASPM ClockPM Segments MSI]
[    0.413381] acpi PNP0A03:00: _OSC: platform does not support [PCIeCapability]
[    0.416696] acpi PNP0A03:00: _OSC: not requesting control; platform does not support [PCIeCapability]
[    0.420004] acpi PNP0A03:00: _OSC: OS requested [PCIeHotplug PME AER PCIeCapability]
[    0.424004] acpi PNP0A03:00: _OSC: platform willing to grant [PCIeHotplug PME AER]
[    0.428003] acpi PNP0A03:00: _OSC failed (AE_SUPPORT); disabling ASPM
[    0.432320] PCI host bridge to bus 0000:00
[    0.435103] pci_bus 0000:00: root bus resource [io  0x0000-0x0cf7 window]
[    0.436003] pci_bus 0000:00: root bus resource [io  0x0d00-0xffff window]
[    0.440003] pci_bus 0000:00: root bus resource [mem 0x000a0000-0x000bffff window]
[    0.444003] pci_bus 0000:00: root bus resource [mem 0x80000000-0xfdffffff window]
[    0.448003] pci_bus 0000:00: root bus resource [bus 00-ff]
[    0.458941] pci 0000:00:01.1: legacy IDE quirk: reg 0x10: [io  0x01f0-0x01f7]
[    0.460003] pci 0000:00:01.1: legacy IDE quirk: reg 0x14: [io  0x03f6]
[    0.464003] pci 0000:00:01.1: legacy IDE quirk: reg 0x18: [io  0x0170-0x0177]
[    0.468003] pci 0000:00:01.1: legacy IDE quirk: reg 0x1c: [io  0x0376]
[    0.489500] pci 0000:00:07.0: quirk: [io  0x4000-0x403f] claimed by PIIX4 ACPI
[    0.492032] pci 0000:00:07.0: quirk: [io  0x4100-0x410f] claimed by PIIX4 SMB
[    0.508443] ACPI: PCI Interrupt Link [LNKA] (IRQs 5 9 10 *11)
[    0.512499] ACPI: PCI Interrupt Link [LNKB] (IRQs 5 9 *10 11)
[    0.516194] ACPI: PCI Interrupt Link [LNKC] (IRQs 5 *9 10 11)
[    0.520185] ACPI: PCI Interrupt Link [LNKD] (IRQs 5 9 10 *11)
[    0.524632] SCSI subsystem initialized
[    0.528266] pci 0000:00:02.0: vgaarb: setting as boot VGA device
[    0.532000] pci 0000:00:02.0: vgaarb: VGA device added: decodes=io+mem,owns=io+mem,locks=none
[    0.532005] pci 0000:00:02.0: vgaarb: bridge control possible
[    0.536002] vgaarb: loaded
[    0.540063] ACPI: bus type USB registered
[    0.544036] usbcore: registered new interface driver usbfs
[    0.548050] usbcore: registered new interface driver hub
[    0.552042] usbcore: registered new device driver usb
[    0.556157] EDAC MC: Ver: 3.0.0
[    0.564138] PCI: Using ACPI for IRQ routing
[    0.568731] NetLabel: Initializing
[    0.572002] NetLabel:  domain hash size = 128
[    0.576002] NetLabel:  protocols = UNLABELED CIPSOv4 CALIPSO
[    0.584013] NetLabel:  unlabeled traffic allowed by default
[    0.592148] clocksource: Switched to clocksource kvm-clock
[    0.600090] VFS: Disk quotas dquot_6.6.0
[    0.600090] VFS: Dquot-cache hash table entries: 512 (order 0, 4096 bytes)
[    0.600090] AppArmor: AppArmor Filesystem Enabled
[    0.600090] pnp: PnP ACPI init
[    0.600090] pnp: PnP ACPI: found 3 devices
[    0.680381] clocksource: acpi_pm: mask: 0xffffff max_cycles: 0xffffff, max_idle_ns: 2085701024 ns
[    0.684339] NET: Registered protocol family 2
[    0.684339] IP idents hash table entries: 32768 (order: 6, 262144 bytes)
[    0.694968] TCP established hash table entries: 16384 (order: 5, 131072 bytes)
[    0.700281] TCP bind hash table entries: 16384 (order: 6, 262144 bytes)
[    0.705496] TCP: Hash tables configured (established 16384 bind 16384)
[    0.710402] UDP hash table entries: 1024 (order: 3, 32768 bytes)
[    0.713869] UDP-Lite hash table entries: 1024 (order: 3, 32768 bytes)
[    0.713869] NET: Registered protocol family 1
[    0.713869] pci 0000:00:00.0: Limiting direct PCI/PCI transfers
[    0.713869] pci 0000:00:01.0: Activating ISA DMA hang workarounds
[    0.713869] pci 0000:00:02.0: Video device with shadowed ROM at [mem 0x000c0000-0x000dffff]
[    0.736057] Unpacking initramfs...
[    0.739741] Freeing initrd memory: 19528K
[    1.136579] clocksource: tsc: mask: 0xffffffffffffffff max_cycles: 0x33cb77f747f, max_idle_ns: 440795228884 ns
[    1.143203] platform rtc_cmos: registered platform RTC device (no PNP device found)
[    1.148442] Scanning for low memory corruption every 60 seconds
[    1.153844] Initialise system trusted keyrings
[    1.157114] Key type blacklist registered
[    1.160428] workingset: timestamp_bits=36 max_order=19 bucket_order=0
[    1.166315] zbud: loaded
[    1.169428] squashfs: version 4.0 (2009/01/31) Phillip Lougher
[    1.174077] fuse init (API version 7.26)
[    1.198929] Key type asymmetric registered
[    1.202091] Asymmetric key parser 'x509' registered
[    1.205775] Block layer SCSI generic (bsg) driver version 0.4 loaded (major 246)
[    1.211419] io scheduler noop registered
[    1.214549] io scheduler deadline registered
[    1.217790] io scheduler cfq registered (default)
[    1.222074] ACPI: AC Adapter [AC] (on-line)
[    1.225409] input: Power Button as /devices/LNXSYSTM:00/LNXPWRBN:00/input/input0
[    1.230804] ACPI: Power Button [PWRF]
[    1.233830] input: Sleep Button as /devices/LNXSYSTM:00/LNXSLPBN:00/input/input1
[    1.239044] ACPI: Sleep Button [SLPF]
[    1.243356] Serial: 8250/16550 driver, 32 ports, IRQ sharing enabled
[    1.273058] 00:02: ttyS0 at I/O 0x3f8 (irq = 4, base_baud = 115200) is a 16550A
[    1.290979] Linux agpgart interface v0.103
[    1.301552] loop: module loaded
[    1.305930] scsi host0: ata_piix
[    1.308882] scsi host1: ata_piix
[    1.311398] ata1: PATA max UDMA/33 cmd 0x1f0 ctl 0x3f6 bmdma 0xd000 irq 14
[    1.316331] ata2: PATA max UDMA/33 cmd 0x170 ctl 0x376 bmdma 0xd008 irq 15
[    1.321210] tun: Universal TUN/TAP device driver, 1.6
[    1.325247] PPP generic driver version 2.4.2
[    1.328907] ehci_hcd: USB 2.0 'Enhanced' Host Controller (EHCI) Driver
[    1.333545] ehci-pci: EHCI PCI platform driver
[    1.336894] ehci-platform: EHCI generic platform driver
[    1.340702] ohci_hcd: USB 1.1 'Open' Host Controller (OHCI) Driver
[    1.345111] ohci-pci: OHCI PCI platform driver
[    1.348619] ohci-platform: OHCI generic platform driver
[    1.352433] uhci_hcd: USB Universal Host Controller Interface driver
[    1.356942] i8042: PNP: PS/2 Controller [PNP0303:PS2K,PNP0f03:PS2M] at 0x60,0x64 irq 1,12
[    1.365333] serio: i8042 KBD port at 0x60,0x64 irq 1
[    1.368782] serio: i8042 AUX port at 0x60,0x64 irq 12
[    1.372443] mousedev: PS/2 mouse device common for all mice
[    1.378265] rtc_cmos rtc_cmos: rtc core: registered rtc_cmos as rtc0
[    1.382830] rtc_cmos rtc_cmos: alarms up to one day, 114 bytes nvram
[    1.387078] i2c /dev entries driver
[    1.389944] device-mapper: uevent: version 1.0.3
[    1.393538] device-mapper: ioctl: 4.37.0-ioctl (2017-09-20) initialised: dm-devel@redhat.com
[    1.393589] input: AT Translated Set 2 keyboard as /devices/platform/i8042/serio0/input/input2
[    1.405523] ledtrig-cpu: registered to indicate activity on CPUs
[    1.411672] NET: Registered protocol family 10
[    1.421014] Segment Routing with IPv6
[    1.423762] NET: Registered protocol family 17
[    1.427434] Key type dns_resolver registered
[    1.430811] mce: Using 0 MCE banks
[    1.433295] RAS: Correctable Errors collector initialized.
[    1.437007] sched_clock: Marking stable (1436972214, 0)->(1995716459, -558744245)
[    1.444314] registered taskstats version 1
[    1.447092] Loading compiled-in X.509 certificates
[    1.453470] Loaded X.509 cert 'Build time autogenerated kernel key: af04d57e94487e4500da7630f19b69a59e91d95a'
[    1.460415] Loaded X.509 cert 'Canonical Ltd. Live Patch Signing: 14df34d1a87cf37625abec039ef2bf521249b969'
[    1.467104] Loaded X.509 cert 'Canonical Ltd. Kernel Module Signing: 88f752e560a1e0737e31163a466ad7b70a850c19'
[    1.473877] blacklist: Loading compiled-in revocation X.509 certificates
[    1.478369] Loaded X.509 cert 'Canonical Ltd. Secure Boot Signing: 61482aa2830d0ab2ad5af10b7250da9033ddcef0'
[    1.508330] zswap: loaded using pool lzo/zbud
[    1.540279] Key type big_key registered
[    1.542894] Key type trusted registered
[    1.548561] Key type encrypted registered
[    1.551258] AppArmor: AppArmor sha1 policy hashing enabled
[    1.555067] ima: No TPM chip found, activating TPM-bypass! (rc=-19)
[    1.559527] ima: Allocated hash algorithm: sha1
[    1.563036] evm: HMAC attrs: 0x1
[    1.566249]   Magic number: 14:289:242
[    1.569503] rtc_cmos rtc_cmos: setting system clock to 2022-11-01 19:12:18 UTC (1667329938)
[    1.575684] BIOS EDD facility v0.16 2004-Jun-25, 0 devices found
[    1.580123] EDD information not available.
[    1.585888] Freeing unused kernel image memory: 2468K
[    1.612377] Write protecting the kernel read-only data: 20480k
[    1.617544] Freeing unused kernel image memory: 2008K
[    1.621707] Freeing unused kernel image memory: 1820K
[    1.631122] x86/mm: Checked W+X mappings: passed, no W+X pages found.
Loading, please wait...
starting version 237
[    1.695811] e1000: Intel(R) PRO/1000 Network Driver - version 7.3.21-k8-NAPI
[    1.701259] e1000: Copyright (c) 1999-2006 Intel Corporation.
[    1.710603] Fusion MPT base driver 3.04.20
[    1.713996] Copyright (c) 1999-2008 LSI Corporation
[    1.729392] Fusion MPT SPI Host driver 3.04.20
[    1.933087] input: ImExPS/2 Generic Explorer Mouse as /devices/platform/i8042/serio1/input/input4
[    2.284547] e1000 0000:00:03.0 eth0: (PCI:33MHz:32-bit) 02:36:54:6b:82:69
[    2.289266] e1000 0000:00:03.0 eth0: Intel(R) PRO/1000 Network Connection
[    2.295599] mptbase: ioc0: Initiating bringup
[    2.661577] ioc0: LSI53C1030 A0: Capabilities={Initiator}
[    3.736418] scsi host2: ioc0: LSI53C1030 A0, FwRev=00000000h, Ports=1, MaxQ=256, IRQ=20
[    3.909543] scsi 2:0:0:0: Direct-Access     VBOX     HARDDISK         1.0  PQ: 0 ANSI: 5
[    3.947797] scsi target2:0:0: Beginning Domain Validation
[    3.955728] scsi target2:0:0: Domain Validation skipping write tests
[    3.960096] scsi target2:0:0: Ending Domain Validation
[    3.964361] scsi target2:0:0: asynchronous
[    3.968435] scsi 2:0:1:0: Direct-Access     VBOX     HARDDISK         1.0  PQ: 0 ANSI: 5
[    4.248132] scsi target2:0:1: Beginning Domain Validation
[    4.252964] random: fast init done
[    4.259026] scsi target2:0:1: Domain Validation skipping write tests
[    4.263391] scsi target2:0:1: Ending Domain Validation
[    4.269791] scsi target2:0:1: asynchronous
[    4.281041] sd 2:0:0:0: [sda] 83886080 512-byte logical blocks: (42.9 GB/40.0 GiB)
[    4.285086] random: systemd-udevd: uninitialized urandom read (16 bytes read)
[    4.286893] sd 2:0:0:0: Attached scsi generic sg0 type 0
[    4.291905] random: systemd-udevd: uninitialized urandom read (16 bytes read)
[    4.295709] sd 2:0:0:0: [sda] Write Protect is off
[    4.304408] sd 2:0:0:0: [sda] Incomplete mode parameter data
[    4.308360] sd 2:0:0:0: [sda] Assuming drive cache: write through
[    4.313793] sd 2:0:1:0: Attached scsi generic sg1 type 0
[    4.315172] random: systemd-udevd: uninitialized urandom read (16 bytes read)
[    4.323215] sd 2:0:1:0: [sdb] 20480 512-byte logical blocks: (10.5 MB/10.0 MiB)
[    4.328373] sd 2:0:1:0: [sdb] Write Protect is off
[    4.331752]  sda: sda1
[    4.335335] sd 2:0:1:0: [sdb] Incomplete mode parameter data
[    4.339196] sd 2:0:1:0: [sdb] Assuming drive cache: write through
[    4.344688] sd 2:0:0:0: [sda] Attached SCSI disk
[    4.352606] sd 2:0:1:0: [sdb] Attached SCSI disk
[    4.529831] e1000 0000:00:08.0 eth1: (PCI:33MHz:32-bit) 08:00:27:5d:99:e9
[    4.534552] e1000 0000:00:08.0 eth1: Intel(R) PRO/1000 Network Connection
[    5.071503] e1000 0000:00:09.0 eth2: (PCI:33MHz:32-bit) 08:00:27:b4:84:77
[    5.076610] e1000 0000:00:09.0 eth2: Intel(R) PRO/1000 Network Connection
[    5.083179] e1000 0000:00:08.0 enp0s8: renamed from eth1
[    6.732768] e1000 0000:00:03.0 enp0s3: renamed from eth0
[    6.752957] e1000 0000:00:09.0 enp0s9: renamed from eth2
Begin: Loading essential drivers ... [   10.730147] raid6: sse2x1   gen() 60978 MB/s
[   12.730490] raid6: sse2x1   xor() 197485 MB/s
[   14.732138] raid6: sse2x2   gen() 400643 MB/s
[   15.777279] raid6: sse2x2   xor() 12274 MB/s
[   15.830909] raid6: sse2x4   gen() 18053 MB/s
[   15.884715] raid6: sse2x4   xor() 10239 MB/s
[   15.887927] raid6: using algorithm sse2x2 gen() 400643 MB/s
[   15.892111] raid6: .... xor() 12274 MB/s, rmw enabled
[   15.895775] raid6: using ssse3x2 recovery algorithm
[   15.900882] xor: measuring software checksum speed
[   15.940606]    prefetch64-sse: 20475.000 MB/sec
[   15.980733]    generic_sse: 16349.000 MB/sec
[   15.983663] xor: using function: prefetch64-sse (20475.000 MB/sec)
[   15.989395] async_tx: api initialized (async)
done.
Begin: Running /scripts/init-premount ... done.
Begin: Mounting root file system ... Begin: Running /scripts/local-top ... done.
Begin: Running /scripts/local-premount ... [   16.038634] Btrfs loaded, crc32c=crc32c-intel
Scanning for Btrfs filesystems
done.
Warning: fsck not present, so skipping root file system
[   16.084399] EXT4-fs (sda1): mounted filesystem with ordered data mode. Opts: (null)
done.
Begin: Running /scripts/local-bottom ... done.
Begin: Running /scripts/init-bottom ... done.
[   16.258819] ip_tables: (C) 2000-2006 Netfilter Core Team
[   16.275942] systemd[1]: systemd 237 running in system mode. (+PAM +AUDIT +SELINUX +IMA +APPARMOR +SMACK +SYSVINIT +UTMP +LIBCRYPTSETUP +GCRYPT +GNUTLS +ACL +XZ +LZ4 +SECCOMP +BLKID +ELFUTILS +KMOD -IDN2 +IDN -PCRE2 default-hierarchy=hybrid)
[   16.289980] systemd[1]: Detected virtualization oracle.
[   16.293576] systemd[1]: Detected architecture x86-64.

Welcome to [1mUbuntu 18.04.6 LTS[0m!

[   16.318613] systemd[1]: Set hostname to <ubuntu>.
[   16.328915] systemd[1]: Initializing machine ID from random generator.
[   16.333543] systemd[1]: Installed transient /etc/machine-id file.
[   16.582221] systemd[1]: Reached target User and Group Name Lookups.
[[0;32m  OK  [0m] Reached target User and Group Name Lookups.
[   16.590776] systemd[1]: Reached target System Time Synchronized.
[[0;32m  OK  [0m] Reached target System Time Synchronized.
[   16.606470] systemd[1]: Created slice User and Session Slice.
[[0;32m  OK  [0m] Created slice User and Session Slice.
[   16.614636] systemd[1]: Created slice System Slice.
[[0;32m  OK  [0m] Created slice System Slice.
[[0;32m  OK  [0m] Listening on Device-mapper event daemon FIFOs.
[[0;32m  OK  [0m] Listening on /dev/initctl Compatibility Named Pipe.
[[0;32m  OK  [0m] Listening on udev Kernel Socket.
[[0;32m  OK  [0m] Listening on LVM2 poll daemon socket.
[[0;32m  OK  [0m] Listening on LVM2 metadata daemon socket.
[[0;32m  OK  [0m] Listening on fsck to fsckd communication Socket.
[[0;32m  OK  [0m] Listening on udev Control Socket.
[[0;32m  OK  [0m] Listening on Network Service Netlink Socket.
[[0;32m  OK  [0m] Listening on Journal Audit Socket.
[[0;32m  OK  [0m] Listening on Journal Socket (/dev/log).
[[0;32m  OK  [0m] Started Forward Password Requests to Wall Directory Watch.
[[0;32m  OK  [0m] Reached target Swap.
[[0;32m  OK  [0m] Reached target Slices.
[[0;32m  OK  [0m] Listening on Journal Socket.
         Starting File System Check on Root Device...
         Starting Set the console keyboard layout...
         Starting udev Coldplug all Devices...
         Mounting Huge Pages File System...
         Mounting POSIX Message Queue File System...
         Starting Create list of required stâ€¦ce nodes for the current kernel...
         Mounting Kernel Debug File System...
         Starting Load Kernel Modules...
         Starting Monitoring of LVM2 mirrorsâ€¦ng dmeventd or progress polling...
         Starting Uncomplicated firewall...
[[0;32m  OK  [0m] Created slice system-serial\x2dgetty.slice.
[[0;32m  OK  [0m] Set up automount Arbitrary Executabâ€¦rmats File System Automount Point.
[   16.748364] Loading iSCSI transport class v2.0-870.
[[0;32m  OK  [0m] Listening on Syslog Socket.
         Starting Journal Service...
[[0;32m  OK  [0m] Started File System Check on Root Device.
[[0;32m  OK  [0m] Mounted Huge Pages File System.
[[0;32m  OK  [0m] Mounted POSIX Message Queue File System.
[[0;32m  OK  [0m] Started Create list of required staâ€¦vice nodes for the current kernel.
[[0;32m  OK  [0m] Mounted Kernel Debug File System.
[[0;32m  OK  [0m] Started Uncomplicated firewall.
[[0;32m  OK  [0m] Started File System Check Daemon to report status.
[[0;32m  OK  [0m] Started LVM2 metadata daemon.
[   16.825078] iscsi: registered transport (tcp)
         Starting Create Static Device Nodes in /dev...
         Starting Remount Root and Kernel File Systems...
[[0;32m  OK  [0m] Started udev Coldplug all Devices.
[[0;32m  OK  [0m] Started Journal Service.
[[0;32m  OK  [0m] Started Set the console keyboard layout.
[[0;32m  OK  [0m] Started Create Static Device Nodes in /dev.
[   16.910914] iscsi: registered transport (iser)
[   16.915190] EXT4-fs (sda1): re-mounted. Opts: (null)
[[0;32m  OK  [0m] Started Load Kernel Modules.
[[0;32m  OK  [0m] Started Remount Root and Kernel File Systems.
[[0;32m  OK  [0m] Started Monitoring of LVM2 mirrors,â€¦sing dmeventd or progress polling.
         Starting Load/Save Random Seed...
         Starting Flush Journal to Persistent Storage...
         Starting udev Kernel Device Manager...
[[0;32m  OK  [0m] Reached target Local File Systems (Pre).
[[0;32m  OK  [0m] Reached target Local File Systems.
         Starting AppArmor initialization...
         Starting Tell Plymouth To Write Out Runtime Data...
         Starting Commit a transient machine-id on disk...
         Starting Set console font and keymap...
         Starting ebtables ruleset management...
         Mounting Kernel Configuration File System...
         Starting Apply Kernel Variables...
         Mounting FUSE Control File System...
[[0;32m  OK  [0m] Mounted Kernel Configuration File System.
[[0;32m  OK  [0m] Mounted FUSE Control File System.
[   16.975482] systemd-journald[395]: Received request to flush runtime journal from PID 1
[[0;32m  OK  [0m] Started Tell Plymouth To Write Out Runtime Data.
[[0;32m  OK  [0m] Started Set console font and keymap.
[[0;32m  OK  [0m] Started Load/Save Random Seed.
[[0;32m  OK  [0m] Started udev Kernel Device Manager.
[[0;32m  OK  [0m] Started Dispatch Password Requests to Console Directory Watch.
[[0;32m  OK  [0m] Reached target Local Encrypted Volumes.
[[0;32m  OK  [0m] Started Apply Kernel Variables.
[[0;32m  OK  [0m] Started Flush Journal to Persistent Storage.
         Starting Create Volatile Files and Directories...
[[0;32m  OK  [0m] Started Commit a transient machine-id on disk.
[[0;32m  OK  [0m] Started Create Volatile Files and Directories.
         Starting Update UTMP about System Boot/Shutdown...
[[0;32m  OK  [0m] Started Update UTMP about System Boot/Shutdown.
[[0;32m  OK  [0m] Started ebtables ruleset management.
[[0;32m  OK  [0m] Found device /dev/ttyS0.
[[0;32m  OK  [0m] Listening on Load/Save RF Kill Switch Status /dev/rfkill Watch.
[[0;32m  OK  [0m] Started AppArmor initialization.
         Starting Load AppArmor profiles managed internally by snapd...
         Starting Initial cloud-init job (pre-networking)...
[[0;32m  OK  [0m] Started Load AppArmor profiles managed internally by snapd.
[   19.609388] cloud-init[544]: Cloud-init v. 22.2-0ubuntu1~18.04.3 running 'init-local' at Tue, 01 Nov 2022 19:12:36 +0000. Up 19.33 seconds.
[[0;32m  OK  [0m] Started Initial cloud-init job (pre-networking).
[[0;32m  OK  [0m] Reached target Network (Pre).
         Starting Network Service...
[[0;32m  OK  [0m] Started Network Service.
         Starting Wait for Network to be Configured...
         Starting Network Name Resolution...
[[0;32m  OK  [0m] Started Network Name Resolution.
[[0;32m  OK  [0m] Reached target Network.
[[0;32m  OK  [0m] Reached target Host and Network Name Lookups.
[[0;32m  OK  [0m] Started Wait for Network to be Configured.
         Starting Initial cloud-init job (metadata service crawler)...
[   21.750694] cloud-init[655]: Cloud-init v. 22.2-0ubuntu1~18.04.3 running 'init' at Tue, 01 Nov 2022 19:12:38 +0000. Up 21.65 seconds.
[   21.756137] cloud-init[655]: ci-info: ++++++++++++++++++++++++++++++++++++++Net device info+++++++++++++++++++++++++++++++++++++++
[   21.761764] cloud-init[655]: ci-info: +--------+-------+----------------------------+---------------+--------+-------------------+
[   21.766725] cloud-init[655]: ci-info: | Device |   Up  |          Address           |      Mask     | Scope  |     Hw-Address    |
[   21.771357] cloud-init[655]: ci-info: +--------+-------+----------------------------+---------------+--------+-------------------+
[   21.776210] cloud-init[655]: ci-info: | enp0s3 |  True |         10.0.2.15          | 255.255.255.0 | global | 02:36:54:6b:82:69 |
[   21.780945] cloud-init[655]: ci-info: | enp0s3 |  True | fe80::36:54ff:fe6b:8269/64 |       .       |  link  | 02:36:54:6b:82:69 |
[   21.785895] cloud-init[655]: ci-info: | enp0s8 | False |             .              |       .       |   .    | 08:00:27:5d:99:e9 |
[   21.791042] cloud-init[655]: ci-info: | enp0s9 | False |             .              |       .       |   .    | 08:00:27:b4:84:77 |
[   21.795952] cloud-init[655]: ci-info: |   lo   |  True |         127.0.0.1          |   255.0.0.0   |  host  |         .         |
[   21.800976] cloud-init[655]: ci-info: |   lo   |  True |          ::1/128           |       .       |  host  |         .         |
[   21.806237] cloud-init[655]: ci-info: +--------+-------+----------------------------+---------------+--------+-------------------+
[   21.811032] cloud-init[655]: ci-info: ++++++++++++++++++++++++++++Route IPv4 info+++++++++++++++++++++++++++++
[   21.815707] cloud-init[655]: ci-info: +-------+-------------+----------+-----------------+-----------+-------+
[   21.820548] cloud-init[655]: ci-info: | Route | Destination | Gateway  |     Genmask     | Interface | Flags |
[   21.825439] cloud-init[655]: ci-info: +-------+-------------+----------+-----------------+-----------+-------+
[   21.830310] cloud-init[655]: ci-info: |   0   |   0.0.0.0   | 10.0.2.2 |     0.0.0.0     |   enp0s3  |   UG  |
[   21.832948] cloud-init[655]: ci-info: |   1   |   10.0.2.0  | 0.0.0.0  |  255.255.255.0  |   enp0s3  |   U   |
[   21.835551] cloud-init[655]: ci-info: |   2   |   10.0.2.2  | 0.0.0.0  | 255.255.255.255 |   enp0s3  |   UH  |
[   21.838170] cloud-init[655]: ci-info: +-------+-------------+----------+-----------------+-----------+-------+
[   21.840824] cloud-init[655]: ci-info: +++++++++++++++++++Route IPv6 info+++++++++++++++++++
[   21.842952] cloud-init[655]: ci-info: +-------+-------------+---------+-----------+-------+
[   21.845318] cloud-init[655]: ci-info: | Route | Destination | Gateway | Interface | Flags |
[   21.847457] cloud-init[655]: ci-info: +-------+-------------+---------+-----------+-------+
[   21.849650] cloud-init[655]: ci-info: |   1   |  fe80::/64  |    ::   |   enp0s3  |   U   |
[   21.851767] cloud-init[655]: ci-info: |   3   |    local    |    ::   |   enp0s3  |   U   |
[   21.853936] cloud-init[655]: ci-info: |   4   |   ff00::/8  |    ::   |   enp0s3  |   U   |
[   21.856175] cloud-init[655]: ci-info: +-------+-------------+---------+-----------+-------+
[   22.488259] cloud-init[655]: Generating public/private rsa key pair.
[   22.491636] cloud-init[655]: Your identification has been saved in /etc/ssh/ssh_host_rsa_key.
[   22.496339] cloud-init[655]: Your public key has been saved in /etc/ssh/ssh_host_rsa_key.pub.
[   22.500384] cloud-init[655]: The key fingerprint is:
[   22.503434] cloud-init[655]: SHA256:ootXRLzBYKOfgDOEwKOZ0c8xh8kDBp+XHh2cWJR+cj0 root@ubuntu-bionic
[   22.507659] cloud-init[655]: The key's randomart image is:
[   22.511010] cloud-init[655]: +---[RSA 2048]----+
[   22.514298] cloud-init[655]: |*+oo+@+o         |
[   22.517646] cloud-init[[0;32m  OK  [0m] Started Initial cloud-init job (metadata service crawler).
[[0;32m  OK  [0m] Reached target Network is Online.
         Starting Availability of block devices...
[[0;32m  OK  [0m] Reached target Remote File Systems (Pre).
[[0;32m  OK  [0m] Reached target Remote File Systems.
[[0;32m  OK  [0m] Reached target System Initialization.
[[0;32m  OK  [0m] Listening on cloud-init hotplug hook socket.
[[0;32m  OK  [0m] Started Daily apt download activities.
[[0;32m  OK  [0m] Started Daily apt upgrade and clean activities.
         Starting Socket activation for snappy daemon.
[[0;32m  OK  [0m] Listening on UUID daemon activation socket.
         Starting LXD - unix socket.
[[0;32m  OK  [0m] Started Daily Cleanup of Temporary Directories.
[[0;32m  OK  [0m] Started Message of the Day.
[[0;32m  OK  [0m] Started Discard unused blocks once a week.
[[0;32m  OK  [0m] Listening on Open-iSCSI iscsid Socket.
[[0;32m  OK  [0m] Started Ubuntu Advantage Timer for running repeated jobs.
[[0;32m  OK  [0m] Reached target Timers.
[[0;32m  OK  [0m] Listening on ACPID Listen Socket.
[[0;32m  OK  [0m] Listening on D-Bus System Message Bus Socket.
[[0;32m  OK  [0m] Started ACPI Events Check.
[[0;32m  OK  [0m] Reached target Paths.
[[0;32m  OK  [0m] Reached target Cloud-config availability.
[[0;32m  OK  [0m] Listening on LXD - unix socket.
[[0;32m  OK  [0m] Listening on Socket activation for snappy daemon.
[[0;32m  OK  [0m] Reached target Sockets.
[[0;32m  OK  [0m] Reached target Basic System.
[[0;32m  OK  [0m] Started D-Bus System Message Bus.
[655]: |+*.+O+X.         |
[   22.553804] cloud-init[655]: |=+*o+B.o .       |
[   22.557106] cloud-init[655]: |+o =oo= o E      |
[   22.560210] cloud-init[655]: |    +..+S  .     |
[[0;32m  OK  [0m] Started Deferred execution scheduler.
[[0;32m  OK  [0m] Started FUSE filesystem for LXC.
         Starting Pollinate to seed the pseudo random number generator...
         Starting LSB: automatic crash report generation...
[   22.568786] cloud-init         Starting Dispatcher daemon for systemd-networkd...
         Starting LSB: Record successful boot for GRUB...
         Starting Permit User Sessions...
[655]: |     ...         |         Starting Login Service...

[   22.593959] cloud-init[655]: |    ..           |
[   22.597108] cloud-init[655]: |   ...           |
[   22.611069] cloud-init[655]: |  ...            |
[   22.622020] cloud-init[655]: +----[SHA256]-----+
[   22.623644] cloud-init[655]: Generating public/private dsa key pair.
[[0;32m  OK  [0m] Started irqbalance daemon.
[   22.633158] cloud-init[655]:          Starting LXD - container startup/shutdown...
Your identification has been saved in /etc/ssh/ssh_host_dsa_key.
[   22.639662] cloud-init[655]: Your public key has been saved in /etc/ssh/ssh_host_dsa_key.pub.
[   22.650804] cloud-init[655]: The key fingerprint is:
[   22.654799] cloud-init[655]: SHA256:BcXkq+szgqJQv9b+eEPhrbDSf6R+6K0LiK3Dt5J66C0 root@ubuntu-bionic
[   22.661885] cloud-init[655]: The key's randomart image is:
[   22.665400] cloud-init[655]: +---[DSA 1024]----+
[   22.668761] cloud-init[655]: |        .+o      |
[   22.672045] cloud-init[655]: |         o.      |
[   22.676584] cloud-init[655]: |          o      |
[   22.680884] cloud-init[655]: |        .. .     |
[   22.684484] cloud-init[655]: [[0;32m  OK  [0m] Started Regular background program processing daemon.
         Starting System Logging Service...
         Starting Accounts Service...
         Starting Virtualbox guest utils...
         Starting Snap Daemon...
[[0;32m  OK  [0m] Started Availability of block devices.
[[0;32m  OK  [0m] Started Permit User Sessions.
|  .    .So.      |
         Starting Terminate Plymouth Boot Screen...
         Starting Hold until boot process finishes up...
[[0;32m  OK  [0m] Started Hold until boot process finishes up.
[[0;32m  OK  [0m] Started Login Service.
[[0;32m  OK  [0m] Started Unattended Upgrades Shutdown.
[[0;32m  OK  [0m] Started Serial Getty on ttyS0.
         Starting Set console scheme...
[   22.716480] cloud-init[655]: [[0;32m  OK  [0m] Started Terminate Plymouth Boot Screen.
| . + .. o.o      |
[   22.723066] cloud-init[655]: |.o..++.+.=       |
[   22.727662] cloud-init[655]: |oEO.=.=oOoo      |
[   22.733595] cloud-init[655]: |+=oBo+oOXO.      |
[   22.738290] cloud-init[655]: +----[SHA256]-----+
[   22.745195] cloud-init[655]: Generating public/private ecdsa key pair.
[   22.749687] cloud-init[655]: Your identification has been saved in /etc/ssh/ssh_host_ecdsa_key.
[   22.753859] cloud-init[655]: Your public key has been saved in /etc/ssh/ssh_host_ecdsa_key.pub.
[   22.758227] cloud-init[655]: The key fingerprint is:
[   22.761511] cloud-init[655]: SHA256:YgSKucq4x4lb0MBIQelPAuJEN8ZPYrK8H3YhuG3htig root@ubuntu-bionic[[0;32m  OK  [0m] Started System Logging Service.

[   22.767771] cloud-init[655]: The key's randomart image is:
[   22.771362] cloud-init[655]: +---[ECDSA 256]---+
[   22.778929] cloud-init[655]: |o=++.            |
[   22.784448] cloud-init[655]: |**o=.o           |
[   22.788114] cloud-init[655]: |%.* + .          |
[   22.792107] cloud-init[655]: | @ + +           |
[   22.795910] cloud-init[655]: |o X o + S        |
[   22.799919] cloud-init[655]: |++ O o .         |
[   22.803137] cloud-init[655]: |o+B.+            |
[   22.809153] cloud-init[655]: |E++o             |
[   22.812723] cloud-init[655]: |+o               |
[   22.817571] cloud-init[655]: +----[SHA256]-----+
[   22.821643] cloud-init[655]: Generating public/private ed25519 key pair.
[   22.823530] cloud-init[655]: Your identification has been saved in /etc/ssh/ssh_host_ed25519_key.
[   22.826055] cloud-init[655]: Your public key has been saved in /etc/ssh/ssh_host_ed25519_key.pub.
[   22.828963] cloud-init[655]: The key fingerprint is:
[[0;32m  OK  [0m] [   22.840360] cloud-init[655]: SHA256:UPjZpAiyOJ4i9v1vC2ffJNXEuh0YyxxZJV6xzFwWRtE root@ubuntu-bionicStarted Set console scheme.
[[0;32m  OK  [0m] Created slice system-getty.slice.
[[0;32m  OK  [0m] Started Getty on tty1.
[[0;32m  OK  [0m] Reached target Login Prompts.

[   22.871174] cloud-init[655]: The key's randomart image is:
[   22.877755] cloud-init[655]: +--[ED25519 256]--+
[   22.882200] cloud-init[655]: |       ..     oB@|
[   22.895875] cloud-init[655]: |  . . ..  .  .O+E|
[   22.899931] cloud-init[655]: | . o ..o =   +.B |
[   22.903385] cloud-init[655]: |o .   ..+ . o O  |
[   22.906554] cloud-init[655]: |...     S    B o |
[   22.909949] cloud-init[655]: |o+          . o .|
[   22.913364] cloud-init[655]: |+ . .  . o . o . |
[   22.916626] cloud-init[655]: |   . .  +.. +    |
[   22.920289] cloud-init[655]: |      ..oo.. .   |
[   22.923428] cloud-init[655]: +----[SHA256]-----+
         Starting Authorization Manager...
[[0;32m  OK  [0m] Started LSB: automatic crash report generation.
[[0;32m  OK  [0m] Started Authorization Manager.
[[0;32m  OK  [0m] Started Accounts Service.
[[0;32m  OK  [0m] Started LSB: Record successful boot for GRUB.
[[0;32m  OK  [0m] Started LXD - container startup/shutdown.
[[0;32m  OK  [0m] Started Virtualbox guest utils.
[[0;32m  OK  [0m] Started Dispatcher daemon for systemd-networkd.
[[0;32m  OK  [0m] Started Snap Daemon.
         Starting Wait until snapd is fully seeded...
         Starting Time & Date Service...
[[0;32m  OK  [0m] Started Time & Date Service.
[[0;32m  OK  [0m] Started Wait until snapd is fully seeded.
         Starting Apply the settings specified in cloud-config...
[   27.080542] cloud-init[1086]: Cloud-init v. 22.2-0ubuntu1~18.04.3 running 'modules:config' at Tue, 01 Nov 2022 19:12:43 +0000. Up 26.65 seconds.
[[0;32m  OK  [0m] Started Apply the settings specified in cloud-config.
ci-info: no authorized SSH keys fingerprints found for user ubuntu.
<14>Nov  1 19:12:45 cloud-init: #############################################################
<14>Nov  1 19:12:45 cloud-init: -----BEGIN SSH HOST KEY FINGERPRINTS-----
<14>Nov  1 19:12:45 cloud-init: 1024 SHA256:BcXkq+szgqJQv9b+eEPhrbDSf6R+6K0LiK3Dt5J66C0 root@ubuntu-bionic (DSA)
<14>Nov  1 19:12:45 cloud-init: 256 SHA256:YgSKucq4x4lb0MBIQelPAuJEN8ZPYrK8H3YhuG3htig root@ubuntu-bionic (ECDSA)
<14>Nov  1 19:12:45 cloud-init: 256 SHA256:UPjZpAiyOJ4i9v1vC2ffJNXEuh0YyxxZJV6xzFwWRtE root@ubuntu-bionic (ED25519)
<14>Nov  1 19:12:45 cloud-init: 2048 SHA256:ootXRLzBYKOfgDOEwKOZ0c8xh8kDBp+XHh2cWJR+cj0 root@ubuntu-bionic (RSA)
<14>Nov  1 19:12:45 cloud-init: -----END SSH HOST KEY FINGERPRINTS-----
<14>Nov  1 19:12:45 cloud-init: #############################################################
-----BEGIN SSH HOST KEY KEYS-----
ecdsa-sha2-nistp256 AAAAE2VjZHNhLXNoYTItbmlzdHAyNTYAAAAIbmlzdHAyNTYAAABBBI050bxJskBfJN4ehvtymSR7Ss28yMhyhezJJZyuqfP3I62ngAaxslpdZ7vDMpyGasyjpFUAZrwXX96uJjynZ6A= root@ubuntu-bionic
ssh-ed25519 AAAAC3NzaC1lZDI1NTE5AAAAIOKF+u0OkozSvxPYAqe6D5bmUjzp5yh2pPVCQ4OFNsw1 root@ubuntu-bionic
ssh-rsa AAAAB3NzaC1yc2EAAAADAQABAAABAQCnIg7qbQNWCgEuZti4iMpHQ33LD+2viBXRCWRpTL7H7a6rrXbuiKhTHbY76JY3MwAtYnBD8sbABoZG/Isa13vOA1JLmA3p0yAoAz8bvEvBkFJGE2EJwcWp4zg0zmMS/nPCiFUF3e8rNKzB1eOKY1h4cRsvNWvpuinT7m29JTilDIzEzIFPQd0ENQj0yWkwWnpVYYs5ob7Jq7wbmnafaJTzGdu8lBpS2uKx0rkqrD8nJrGG9tZ+PUO8HUUsXI6UE+xAk1u22MziYW1gKrmU78YsJAIBMvJNFH0TIGVhrLFhOmYXhgikM2l0XvNA0ssKiLP5Toppw/uiLa7OfiG8qRUZ root@ubuntu-bionic
-----END SSH HOST KEY KEYS-----
[   28.308544] cloud-init[1183]: Cloud-init v. 22.2-0ubuntu1~18.04.3 running 'modules:final' at Tue, 01 Nov 2022 19:12:45 +0000. Up 28.08 seconds.
[   28.313750] cloud-init[1183]: Cloud-init v. 22.2-0ubuntu1~18.04.3 finished at Tue, 01 Nov 2022 19:12:45 +0000. Datasource DataSourceNoCloud [seed=/dev/sdb][dsmode=net].  Up 28.27 seconds

Ubuntu 18.04.6 LTS ubuntu-bionic ttyS0

ubuntu-bionic login: 